Archive member included to satisfy reference by file (symbol)

/usr/lib/gcc/arm-none-eabi/4.9.3/../../../arm-none-eabi/lib/armv7e-m/libg.a(lib_a-memcpy.o)
                              build/obj/hal_buffers.o (memcpy)
/usr/lib/gcc/arm-none-eabi/4.9.3/../../../arm-none-eabi/lib/armv7e-m/libg.a(lib_a-strcmp.o)
                              build/obj/chregistry.o (strcmp)

Allocating common symbols
Common symbol       size              file

test_global_fail    0x1               build/obj/ch_test.o
I2CD1               0x38              build/obj/hal_i2c_lld.o
SD2                 0x7c              build/obj/hal_serial_lld.o
ch_idle_thread_wa   0xd8              build/obj/chsys.o
threads             0x14              build/obj/test_root.o
test_buffer         0x668             build/obj/test_root.o
SD3                 0x7c              build/obj/hal_serial_lld.o
test_heap           0x20              build/obj/test_sequence_011.o
test_step           0x4               build/obj/ch_test.o
ch_memcore          0x8               build/obj/chmemcore.o
ch                  0x78              build/obj/chschd.o

Memory Configuration

Name             Origin             Length             Attributes
flash0           0x0000000008000000 0x0000000000100000
flash1           0x0000000000000000 0x0000000000000000
flash2           0x0000000000000000 0x0000000000000000
flash3           0x0000000000000000 0x0000000000000000
flash4           0x0000000000000000 0x0000000000000000
flash5           0x0000000000000000 0x0000000000000000
flash6           0x0000000000000000 0x0000000000000000
flash7           0x0000000000000000 0x0000000000000000
ram0             0x0000000020000000 0x0000000000020000
ram1             0x0000000020000000 0x000000000001c000
ram2             0x000000002001c000 0x0000000000004000
ram3             0x0000000000000000 0x0000000000000000
ram4             0x0000000010000000 0x0000000000010000
ram5             0x0000000040024000 0x0000000000001000
ram6             0x0000000000000000 0x0000000000000000
ram7             0x0000000000000000 0x0000000000000000
*default*        0x0000000000000000 0xffffffffffffffff

Linker script and memory map

LOAD build/obj/crt0_v7m.o
LOAD build/obj/chcoreasm_v7m.o
LOAD build/obj/crt1.o
LOAD build/obj/vectors.o
LOAD build/obj/chsys.o
LOAD build/obj/chdebug.o
LOAD build/obj/chtrace.o
LOAD build/obj/chvt.o
LOAD build/obj/chschd.o
LOAD build/obj/chthreads.o
LOAD build/obj/chtm.o
LOAD build/obj/chregistry.o
LOAD build/obj/chsem.o
LOAD build/obj/chmtx.o
LOAD build/obj/chcond.o
LOAD build/obj/chevents.o
LOAD build/obj/chmsg.o
LOAD build/obj/chdynamic.o
LOAD build/obj/chmboxes.o
LOAD build/obj/chmemcore.o
LOAD build/obj/chheap.o
LOAD build/obj/chmempools.o
LOAD build/obj/chcore.o
LOAD build/obj/chcore_v7m.o
LOAD build/obj/osal.o
LOAD build/obj/hal.o
LOAD build/obj/hal_st.o
LOAD build/obj/hal_buffers.o
LOAD build/obj/hal_queues.o
LOAD build/obj/hal_mmcsd.o
LOAD build/obj/hal_i2c.o
LOAD build/obj/hal_pal.o
LOAD build/obj/hal_serial.o
LOAD build/obj/nvic.o
LOAD build/obj/hal_lld.o
LOAD build/obj/stm32_dma.o
LOAD build/obj/hal_pal_lld.o
LOAD build/obj/hal_i2c_lld.o
LOAD build/obj/hal_st_lld.o
LOAD build/obj/hal_serial_lld.o
LOAD build/obj/board.o
LOAD build/obj/ch_test.o
LOAD build/obj/test_root.o
LOAD build/obj/test_sequence_001.o
LOAD build/obj/test_sequence_002.o
LOAD build/obj/test_sequence_003.o
LOAD build/obj/test_sequence_004.o
LOAD build/obj/test_sequence_005.o
LOAD build/obj/test_sequence_006.o
LOAD build/obj/test_sequence_007.o
LOAD build/obj/test_sequence_008.o
LOAD build/obj/test_sequence_009.o
LOAD build/obj/test_sequence_010.o
LOAD build/obj/test_sequence_011.o
LOAD build/obj/test_sequence_012.o
LOAD build/obj/test_sequence_013.o
LOAD build/obj/chprintf.o
LOAD build/obj/memstreams.o
LOAD build/obj/nullstreams.o
LOAD build/obj/main.o

.mstack         0x0000000020000000      0x400
                0x0000000020000000                . = ALIGN (0x8)
                0x0000000020000000                __main_stack_base__ = .
                0x0000000020000400                . = (. + __main_stack_size__)
 *fill*         0x0000000020000000      0x400 
                0x0000000020000400                . = ALIGN (0x8)
                0x0000000020000400                __main_stack_end__ = .

.pstack         0x0000000020000400      0x400
                0x0000000020000400                __process_stack_base__ = .
                0x0000000020000400                __main_thread_stack_base__ = .
                0x0000000020000800                . = (. + __process_stack_size__)
 *fill*         0x0000000020000400      0x400 
                0x0000000020000800                . = ALIGN (0x8)
                0x0000000020000800                __process_stack_end__ = .
                0x0000000020000800                __main_thread_stack_end__ = .

.vectors        0x0000000008000000      0x1e0
 *(.vectors)
 .vectors       0x0000000008000000      0x1e0 build/obj/vectors.o
                0x0000000008000000                _vectors

.xtors          0x00000000080001e0        0x0
                0x00000000080001e0                __init_array_start = .
 *(SORT(.init_array.*))
 *(.init_array)
                0x00000000080001e0                __init_array_end = .
                0x00000000080001e0                __fini_array_start = .
 *(.fini_array)
 *(SORT(.fini_array.*))
                0x00000000080001e0                __fini_array_end = .

.text           0x00000000080001e0     0xdc20
 *(.text)
 .text          0x00000000080001e0       0xd4 build/obj/crt0_v7m.o
                0x00000000080001e0                Reset_Handler
 .text          0x00000000080002b4       0x28 build/obj/chcoreasm_v7m.o
                0x00000000080002b4                _port_switch
                0x00000000080002c4                _port_thread_start
                0x00000000080002d4                _port_switch_from_isr
                0x00000000080002d8                _port_exit_from_isr
 *fill*         0x00000000080002dc        0x4 
 .text          0x00000000080002e0       0xa4 build/obj/crt1.o
                0x00000000080002e0                __core_init
                0x0000000008000300                __late_init
                0x0000000008000310                __default_exit
                0x0000000008000320                __init_ram_areas
 *fill*         0x0000000008000384        0xc 
 .text          0x0000000008000390        0x4 build/obj/vectors.o
                0x0000000008000390                Vector58
                0x0000000008000390                VectorE8
                0x0000000008000390                Vector9C
                0x0000000008000390                VectorAC
                0x0000000008000390                DebugMon_Handler
                0x0000000008000390                Vector1A0
                0x0000000008000390                Vector5C
                0x0000000008000390                Vector11C
                0x0000000008000390                HardFault_Handler
                0x0000000008000390                Vector1B8
                0x0000000008000390                Vector19C
                0x0000000008000390                Vector8C
                0x0000000008000390                SysTick_Handler
                0x0000000008000390                PendSV_Handler
                0x0000000008000390                Vector168
                0x0000000008000390                NMI_Handler
                0x0000000008000390                Vector110
                0x0000000008000390                Vector1D8
                0x0000000008000390                VectorC8
                0x0000000008000390                Vector94
                0x0000000008000390                VectorA8
                0x0000000008000390                VectorB4
                0x0000000008000390                Vector160
                0x0000000008000390                Vector1B0
                0x0000000008000390                UsageFault_Handler
                0x0000000008000390                VectorEC
                0x0000000008000390                Vector40
                0x0000000008000390                VectorF8
                0x0000000008000390                Vector108
                0x0000000008000390                Vector190
                0x0000000008000390                Vector1C4
                0x0000000008000390                Vector1CC
                0x0000000008000390                Vector148
                0x0000000008000390                Vector188
                0x0000000008000390                Vector198
                0x0000000008000390                Vector118
                0x0000000008000390                Vector64
                0x0000000008000390                VectorCC
                0x0000000008000390                Vector54
                0x0000000008000390                Vector98
                0x0000000008000390                Vector138
                0x0000000008000390                Vector24
                0x0000000008000390                Vector1AC
                0x0000000008000390                Vector178
                0x0000000008000390                Vector1A4
                0x0000000008000390                VectorD0
                0x0000000008000390                Vector1B4
                0x0000000008000390                Vector140
                0x0000000008000390                VectorE4
                0x0000000008000390                Vector1C0
                0x0000000008000390                Vector134
                0x0000000008000390                Vector1D0
                0x0000000008000390                VectorF0
                0x0000000008000390                Vector13C
                0x0000000008000390                Vector100
                0x0000000008000390                VectorE0
                0x0000000008000390                VectorF4
                0x0000000008000390                MemManage_Handler
                0x0000000008000390                VectorA0
                0x0000000008000390                VectorC4
                0x0000000008000390                Vector180
                0x0000000008000390                Vector90
                0x0000000008000390                Vector114
                0x0000000008000390                Vector164
                0x0000000008000390                Vector60
                0x0000000008000390                Vector1C
                0x0000000008000390                Vector1BC
                0x0000000008000390                Vector1D4
                0x0000000008000390                Vector17C
                0x0000000008000390                Vector48
                0x0000000008000390                Vector1A8
                0x0000000008000390                Vector16C
                0x0000000008000390                VectorD4
                0x0000000008000390                Vector4C
                0x0000000008000390                Vector144
                0x0000000008000390                Vector15C
                0x0000000008000390                Vector68
                0x0000000008000390                _unhandled_exception
                0x0000000008000390                Vector170
                0x0000000008000390                Vector88
                0x0000000008000390                Vector104
                0x0000000008000390                Vector184
                0x0000000008000390                Vector10C
                0x0000000008000390                Vector14C
                0x0000000008000390                BusFault_Handler
                0x0000000008000390                Vector50
                0x0000000008000390                Vector1C8
                0x0000000008000390                Vector194
                0x0000000008000390                Vector1DC
                0x0000000008000390                Vector44
                0x0000000008000390                Vector28
                0x0000000008000390                VectorB8
                0x0000000008000390                Vector34
                0x0000000008000390                VectorA4
                0x0000000008000390                Vector20
                0x0000000008000390                Vector18C
                0x0000000008000390                Vector174
 *fill*         0x0000000008000394        0xc 
 .text          0x00000000080003a0      0x5b4 build/obj/chsys.o
                0x00000000080006e0                chSysInit
                0x0000000008000740                chSysHalt
                0x0000000008000760                chSysIntegrityCheckI
                0x0000000008000870                chSysTimerHandlerI
                0x0000000008000880                chSysGetStatusAndLockX
                0x00000000080008c0                chSysRestoreStatusX
                0x00000000080008f0                chSysIsCounterWithinX
                0x0000000008000920                chSysPolledDelayX
 .text          0x0000000008000954        0x0 build/obj/chdebug.o
 .text          0x0000000008000954        0x0 build/obj/chtrace.o
 *fill*         0x0000000008000954        0xc 
 .text          0x0000000008000960      0x2a4 build/obj/chvt.o
                0x00000000080009e0                _vt_init
                0x0000000008000a10                chVTDoSetI
                0x0000000008000b30                chVTDoResetI
 *fill*         0x0000000008000c04        0xc 
 .text          0x0000000008000c10      0x490 build/obj/chschd.o
                0x0000000008000d40                _scheduler_init
                0x0000000008000d60                chSchReadyI
                0x0000000008000db0                chSchReadyAheadI
                0x0000000008000e00                chSchGoSleepS
                0x0000000008000ed0                chSchGoSleepTimeoutS
                0x0000000008000f40                chSchWakeupS
                0x0000000008000f90                chSchRescheduleS
                0x0000000008000fb0                chSchIsPreemptionRequired
                0x0000000008000fe0                chSchDoRescheduleBehind
                0x0000000008001020                chSchDoRescheduleAhead
                0x0000000008001060                chSchDoReschedule
 .text          0x00000000080010a0      0x8a4 build/obj/chthreads.o
                0x0000000008001300                _thread_init
                0x0000000008001380                chThdCreateSuspendedI
                0x00000000080013e0                chThdCreateSuspended
                0x0000000008001400                chThdCreateI
                0x0000000008001420                chThdCreate
                0x0000000008001450                chThdCreateStatic
                0x00000000080014c0                chThdStart
                0x00000000080014e0                chThdAddRef
                0x0000000008001510                chThdRelease
                0x00000000080015a0                chThdExit
                0x00000000080015c0                chThdExitS
                0x0000000008001640                chThdWait
                0x0000000008001690                chThdSetPriority
                0x00000000080016f0                chThdTerminate
                0x0000000008001720                chThdSleep
                0x0000000008001740                chThdSleepUntil
                0x0000000008001770                chThdSleepUntilWindowed
                0x00000000080017b0                chThdYield
                0x00000000080017c0                chThdSuspendS
                0x00000000080017f0                chThdSuspendTimeoutS
                0x0000000008001830                chThdResumeI
                0x0000000008001860                chThdResumeS
                0x0000000008001890                chThdResume
                0x00000000080018b0                chThdEnqueueTimeoutS
                0x00000000080018f0                chThdDequeueNextI
                0x0000000008001920                chThdDequeueAllI
 *fill*         0x0000000008001944        0xc 
 .text          0x0000000008001950      0x168 build/obj/chtm.o
                0x00000000080019d0                _tm_init
                0x0000000008001a10                chTMObjectInit
                0x0000000008001a40                chTMStartMeasurementX
                0x0000000008001a60                chTMStopMeasurementX
                0x0000000008001a90                chTMChainMeasurementToX
 *fill*         0x0000000008001ab8        0x8 
 .text          0x0000000008001ac0      0x188 build/obj/chregistry.o
                0x0000000008001b20                chRegFirstThread
                0x0000000008001b50                chRegNextThread
                0x0000000008001ba0                chRegFindThreadByName
                0x0000000008001be0                chRegFindThreadByPointer
                0x0000000008001c10                chRegFindThreadByWorkingArea
 *fill*         0x0000000008001c48        0x8 
 .text          0x0000000008001c50      0x3d4 build/obj/chsem.o
                0x0000000008001d40                chSemObjectInit
                0x0000000008001d60                chSemReset
                0x0000000008001d90                chSemResetI
                0x0000000008001dd0                chSemWait
                0x0000000008001df0                chSemWaitS
                0x0000000008001e40                chSemWaitTimeout
                0x0000000008001e70                chSemWaitTimeoutS
                0x0000000008001ed0                chSemSignal
                0x0000000008001f10                chSemSignalI
                0x0000000008001f50                chSemAddCounterI
                0x0000000008001fa0                chSemSignalWait
 *fill*         0x0000000008002024        0xc 
 .text          0x0000000008002030      0x4f0 build/obj/chmtx.o
                0x0000000008002170                chMtxObjectInit
                0x0000000008002190                chMtxLock
                0x00000000080021b0                chMtxLockS
                0x0000000008002270                chMtxTryLock
                0x00000000080022a0                chMtxTryLockS
                0x00000000080022e0                chMtxUnlock
                0x0000000008002390                chMtxUnlockS
                0x0000000008002430                chMtxUnlockAllS
                0x00000000080024a0                chMtxUnlockAll
 .text          0x0000000008002520      0x300 build/obj/chcond.o
                0x0000000008002640                chCondObjectInit
                0x0000000008002660                chCondSignal
                0x00000000080026a0                chCondSignalI
                0x00000000080026d0                chCondBroadcast
                0x00000000080026f0                chCondBroadcastI
                0x0000000008002730                chCondWait
                0x0000000008002750                chCondWaitS
                0x00000000080027a0                chCondWaitTimeout
                0x00000000080027d0                chCondWaitTimeoutS
 .text          0x0000000008002820      0x58c build/obj/chevents.o
                0x0000000008002860                chEvtRegisterMaskWithFlags
                0x00000000080028b0                chEvtUnregister
                0x00000000080028f0                chEvtGetAndClearEvents
                0x0000000008002930                chEvtAddEvents
                0x0000000008002970                chEvtBroadcastFlagsI
                0x00000000080029d0                chEvtGetAndClearFlags
                0x0000000008002a00                chEvtSignal
                0x0000000008002a30                chEvtSignalI
                0x0000000008002a90                chEvtBroadcastFlags
                0x0000000008002ac0                chEvtGetAndClearFlagsI
                0x0000000008002ae0                chEvtDispatch
                0x0000000008002b30                chEvtWaitOne
                0x0000000008002b90                chEvtWaitAny
                0x0000000008002bf0                chEvtWaitAll
                0x0000000008002c40                chEvtWaitOneTimeout
                0x0000000008002cc0                chEvtWaitAnyTimeout
                0x0000000008002d40                chEvtWaitAllTimeout
 *fill*         0x0000000008002dac        0x4 
 .text          0x0000000008002db0      0x1b0 build/obj/chmsg.o
                0x0000000008002e90                chMsgSend
                0x0000000008002ef0                chMsgWait
                0x0000000008002f40                chMsgRelease
 .text          0x0000000008002f60      0x120 build/obj/chdynamic.o
                0x0000000008002fa0                chThdCreateFromHeap
                0x0000000008003010                chThdCreateFromMemoryPool
 .text          0x0000000008003080      0x51c build/obj/chmboxes.o
                0x0000000008003150                chMBObjectInit
                0x00000000080031a0                chMBReset
                0x00000000080031c0                chMBResetI
                0x0000000008003210                chMBPost
                0x0000000008003240                chMBPostS
                0x00000000080032d0                chMBPostI
                0x0000000008003340                chMBPostAhead
                0x0000000008003370                chMBPostAheadS
                0x0000000008003400                chMBPostAheadI
                0x0000000008003470                chMBFetch
                0x00000000080034a0                chMBFetchS
                0x0000000008003530                chMBFetchI
 *fill*         0x000000000800359c        0x4 
 .text          0x00000000080035a0      0x114 build/obj/chmemcore.o
                0x00000000080035e0                _core_init
                0x0000000008003600                chCoreAllocAlignedWithOffsetI
                0x0000000008003670                chCoreAllocAlignedWithOffset
                0x00000000080036a0                chCoreGetStatusX
 *fill*         0x00000000080036b4        0xc 
 .text          0x00000000080036c0      0x3b8 build/obj/chheap.o
                0x00000000080036c0                _heap_init
                0x00000000080036f0                chHeapObjectInit
                0x0000000008003750                chHeapAllocAligned
                0x0000000008003900                chHeapFree
                0x00000000080039e0                chHeapStatus
 *fill*         0x0000000008003a78        0x8 
 .text          0x0000000008003a80      0x294 build/obj/chmempools.o
                0x0000000008003b00                chPoolObjectInit
                0x0000000008003b20                chPoolLoadArray
                0x0000000008003b50                chPoolAllocI
                0x0000000008003b90                chPoolAlloc
                0x0000000008003bb0                chPoolFreeI
                0x0000000008003bd0                chPoolFree
                0x0000000008003bf0                chGuardedPoolObjectInit
                0x0000000008003c20                chGuardedPoolLoadArray
                0x0000000008003c50                chGuardedPoolAllocTimeoutS
                0x0000000008003c90                chGuardedPoolAllocTimeout
                0x0000000008003cc0                chGuardedPoolFreeI
                0x0000000008003cf0                chGuardedPoolFree
 .text          0x0000000008003d14        0x0 build/obj/chcore.o
 *fill*         0x0000000008003d14        0xc 
 .text          0x0000000008003d20       0xd4 build/obj/chcore_v7m.o
                0x0000000008003d60                SVC_Handler
                0x0000000008003d90                _port_irq_epilogue
 .text          0x0000000008003df4        0x0 build/obj/osal.o
 *fill*         0x0000000008003df4        0xc 
 .text          0x0000000008003e00       0x38 build/obj/hal.o
                0x0000000008003e10                halInit
 *fill*         0x0000000008003e38        0x8 
 .text          0x0000000008003e40       0xbc build/obj/hal_st.o
                0x0000000008003e90                stInit
                0x0000000008003ea0                stStartAlarm
                0x0000000008003ec0                stStopAlarm
                0x0000000008003ed0                stSetAlarm
                0x0000000008003ef0                stGetAlarm
 *fill*         0x0000000008003efc        0x4 
 .text          0x0000000008003f00      0xa0c build/obj/hal_buffers.o
                0x0000000008004060                ibqObjectInit
                0x00000000080040e0                ibqResetI
                0x0000000008004120                ibqGetEmptyBufferI
                0x0000000008004160                ibqPostFullBufferI
                0x00000000080041b0                ibqGetFullBufferTimeout
                0x00000000080041e0                ibqGetFullBufferTimeoutS
                0x0000000008004240                ibqReleaseEmptyBuffer
                0x0000000008004260                ibqReleaseEmptyBufferS
                0x00000000080042b0                ibqGetTimeout
                0x0000000008004310                ibqReadTimeout
                0x0000000008004430                obqObjectInit
                0x00000000080044b0                obqResetI
                0x00000000080044f0                obqGetFullBufferI
                0x0000000008004540                obqReleaseEmptyBufferI
                0x0000000008004590                obqGetEmptyBufferTimeout
                0x00000000080045c0                obqGetEmptyBufferTimeoutS
                0x0000000008004620                obqPostFullBuffer
                0x0000000008004640                obqPostFullBufferS
                0x00000000080046a0                obqPutTimeout
                0x0000000008004710                obqWriteTimeout
                0x0000000008004840                obqTryFlushI
                0x00000000080048d0                obqFlush
 *fill*         0x000000000800490c        0x4 
 .text          0x0000000008004910      0x658 build/obj/hal_queues.o
                0x0000000008004a70                iqObjectInit
                0x0000000008004ac0                iqResetI
                0x0000000008004af0                iqPutI
                0x0000000008004b70                iqGetTimeout
                0x0000000008004bf0                iqReadTimeout
                0x0000000008004ce0                oqObjectInit
                0x0000000008004d30                oqResetI
                0x0000000008004d70                oqPutTimeout
                0x0000000008004e00                oqGetI
                0x0000000008004e80                oqWriteTimeout
 .text          0x0000000008004f68        0x0 build/obj/hal_mmcsd.o
 *fill*         0x0000000008004f68        0x8 
 .text          0x0000000008004f70      0x278 build/obj/hal_i2c.o
                0x0000000008005030                i2cInit
                0x0000000008005040                i2cObjectInit
                0x0000000008005070                i2cStart
                0x00000000080050a0                i2cStop
                0x00000000080050d0                i2cGetErrors
                0x00000000080050e0                i2cMasterTransmitTimeout
                0x0000000008005150                i2cMasterReceiveTimeout
                0x00000000080051b0                i2cAcquireBus
                0x00000000080051d0                i2cReleaseBus
 *fill*         0x00000000080051e8        0x8 
 .text          0x00000000080051f0       0x88 build/obj/hal_pal.o
                0x00000000080051f0                palReadBus
                0x0000000008005210                palWriteBus
                0x0000000008005250                palSetBusMode
 *fill*         0x0000000008005278        0x8 
 .text          0x0000000008005280      0x3ec build/obj/hal_serial.o
                0x00000000080054a0                sdInit
                0x00000000080054b0                sdObjectInit
                0x0000000008005520                sdStart
                0x0000000008005550                sdStop
                0x0000000008005590                sdIncomingDataI
                0x00000000080055e0                sdRequestDataI
                0x0000000008005610                sdPutWouldBlock
                0x0000000008005640                sdGetWouldBlock
 *fill*         0x000000000800566c        0x4 
 .text          0x0000000008005670       0xf4 build/obj/nvic.o
                0x0000000008005670                nvicEnableVector
                0x00000000080056d0                nvicDisableVector
                0x0000000008005710                nvicSetSystemHandlerPriority
                0x0000000008005740                nvicClearPending
 *fill*         0x0000000008005764        0xc 
 .text          0x0000000008005770      0x1f4 build/obj/hal_lld.o
                0x00000000080057b0                hal_lld_init
                0x0000000008005820                stm32_clock_init
 *fill*         0x0000000008005964        0xc 
 .text          0x0000000008005970      0x5c4 build/obj/stm32_dma.o
                0x0000000008005970                Vector6C
                0x00000000080059b0                Vector70
                0x00000000080059f0                Vector74
                0x0000000008005a30                Vector78
                0x0000000008005a70                Vector7C
                0x0000000008005ab0                Vector80
                0x0000000008005af0                Vector84
                0x0000000008005b30                VectorFC
                0x0000000008005b70                Vector120
                0x0000000008005bb0                Vector124
                0x0000000008005bf0                Vector128
                0x0000000008005c30                Vector12C
                0x0000000008005c70                Vector130
                0x0000000008005cb0                Vector150
                0x0000000008005cf0                Vector154
                0x0000000008005d30                Vector158
                0x0000000008005d70                dmaInit
                0x0000000008005de0                dmaStreamAllocate
                0x0000000008005ed0                dmaStreamRelease
 *fill*         0x0000000008005f34        0xc 
 .text          0x0000000008005f40      0x27c build/obj/hal_pal_lld.o
                0x0000000008005f90                _pal_lld_init
                0x0000000008006050                _pal_lld_setgroupmode
 *fill*         0x00000000080061bc        0x4 
 .text          0x00000000080061c0      0xbc0 build/obj/hal_i2c_lld.o
                0x00000000080069a0                VectorBC
                0x00000000080069c0                VectorC0
                0x0000000008006a00                i2c_lld_init
                0x0000000008006a40                i2c_lld_start
                0x0000000008006b50                i2c_lld_stop
                0x0000000008006bb0                i2c_lld_master_receive_timeout
                0x0000000008006c90                i2c_lld_master_transmit_timeout
 .text          0x0000000008006d80      0x130 build/obj/hal_st_lld.o
                0x0000000008006e10                VectorB0
                0x0000000008006e40                st_lld_init
 .text          0x0000000008006eb0      0x4f4 build/obj/hal_serial_lld.o
                0x0000000008007250                VectorD8
                0x0000000008007270                VectorDC
                0x0000000008007290                sd_lld_init
                0x00000000080072d0                sd_lld_start
                0x0000000008007340                sd_lld_stop
 *fill*         0x00000000080073a4        0xc 
 .text          0x00000000080073b0       0x14 build/obj/board.o
                0x00000000080073b0                __early_init
                0x00000000080073c0                boardInit
 *fill*         0x00000000080073c4        0xc 
 .text          0x00000000080073d0      0x620 build/obj/ch_test.o
                0x00000000080075c0                _test_fail
                0x00000000080075f0                _test_assert
                0x0000000008007620                _test_assert_sequence
                0x0000000008007680                _test_assert_time_window
                0x00000000080076b0                test_printn
                0x0000000008007740                test_print
                0x0000000008007780                test_println
                0x00000000080077b0                test_emit_token
                0x00000000080077f0                test_emit_token_i
                0x0000000008007820                test_execute
 .text          0x00000000080079f0      0x194 build/obj/test_root.o
                0x0000000008007a80                test_print_port_info
                0x0000000008007ae0                test_terminate_threads
                0x0000000008007b20                test_wait_threads
                0x0000000008007b70                test_wait_tick
 *fill*         0x0000000008007b84        0xc 
 .text          0x0000000008007b90      0x390 build/obj/test_sequence_001.o
 .text          0x0000000008007f20      0x4f8 build/obj/test_sequence_002.o
 *fill*         0x0000000008008418        0x8 
 .text          0x0000000008008420      0x678 build/obj/test_sequence_003.o
 *fill*         0x0000000008008a98        0x8 
 .text          0x0000000008008aa0      0x1f4 build/obj/test_sequence_004.o
 *fill*         0x0000000008008c94        0xc 
 .text          0x0000000008008ca0      0xa44 build/obj/test_sequence_005.o
 *fill*         0x00000000080096e4        0xc 
 .text          0x00000000080096f0      0xa24 build/obj/test_sequence_006.o
 *fill*         0x000000000800a114        0xc 
 .text          0x000000000800a120       0xfc build/obj/test_sequence_007.o
 *fill*         0x000000000800a21c        0x4 
 .text          0x000000000800a220      0x998 build/obj/test_sequence_008.o
 *fill*         0x000000000800abb8        0x8 
 .text          0x000000000800abc0      0xafc build/obj/test_sequence_009.o
 *fill*         0x000000000800b6bc        0x4 
 .text          0x000000000800b6c0      0x31c build/obj/test_sequence_010.o
 *fill*         0x000000000800b9dc        0x4 
 .text          0x000000000800b9e0      0x4c8 build/obj/test_sequence_011.o
 *fill*         0x000000000800bea8        0x8 
 .text          0x000000000800beb0      0x458 build/obj/test_sequence_012.o
 *fill*         0x000000000800c308        0x8 
 .text          0x000000000800c310      0xc38 build/obj/test_sequence_013.o
 *fill*         0x000000000800cf48        0x8 
 .text          0x000000000800cf50      0x5b0 build/obj/chprintf.o
                0x000000000800d010                chvprintf
                0x000000000800d470                chprintf
                0x000000000800d4a0                chsnprintf
 .text          0x000000000800d500      0x180 build/obj/memstreams.o
                0x000000000800d650                msObjectInit
 .text          0x000000000800d680       0x64 build/obj/nullstreams.o
                0x000000000800d6d0                nullObjectInit
 *fill*         0x000000000800d6e4        0xc 
 .text          0x000000000800d6f0      0x2e8 build/obj/main.o
                0x000000000800d6f0                main
 .text          0x000000000800d9d8      0x134 /usr/lib/gcc/arm-none-eabi/4.9.3/../../../arm-none-eabi/lib/armv7e-m/libg.a(lib_a-memcpy.o)
                0x000000000800d9d8                memcpy
 *fill*         0x000000000800db0c       0x14 
 .text          0x000000000800db20      0x2e0 /usr/lib/gcc/arm-none-eabi/4.9.3/../../../arm-none-eabi/lib/armv7e-m/libg.a(lib_a-strcmp.o)
                0x000000000800db28                strcmp
 *(.text.*)
 *(.glue_7t)
 .glue_7t       0x000000000800de00        0x0 linker stubs
 *(.glue_7)
 .glue_7        0x000000000800de00        0x0 linker stubs
 *(.gcc*)

.vfp11_veneer   0x000000000800de00        0x0
 .vfp11_veneer  0x000000000800de00        0x0 linker stubs

.v4_bx          0x000000000800de00        0x0
 .v4_bx         0x000000000800de00        0x0 linker stubs

.iplt           0x000000000800de00        0x0
 .iplt          0x000000000800de00        0x0 build/obj/crt0_v7m.o

.rodata         0x000000000800de00     0x1cf0
                0x000000000800de00                . = ALIGN (0x4)
                0x000000000800de00                __rodata_base__ = .
 *(.rodata)
 .rodata        0x000000000800de00       0x80 build/obj/crt1.o
 .rodata        0x000000000800de80       0x20 build/obj/chsys.o
 .rodata        0x000000000800dea0        0x7 build/obj/chthreads.o
 *fill*         0x000000000800dea7        0x1 
 .rodata        0x000000000800dea8       0x16 build/obj/chregistry.o
                0x000000000800dea8                ch_debug
 *fill*         0x000000000800debe        0x2 
 .rodata        0x000000000800dec0       0x20 build/obj/hal_serial.o
 .rodata        0x000000000800dee0       0xc0 build/obj/stm32_dma.o
                0x000000000800dee0                _stm32_dma_streams
 .rodata        0x000000000800dfa0        0xc build/obj/hal_i2c_lld.o
 .rodata        0x000000000800dfac        0xc build/obj/hal_serial_lld.o
 .rodata        0x000000000800dfb8       0xfc build/obj/board.o
                0x000000000800dfb8                pal_default_config
 .rodata        0x000000000800e0b4      0x144 build/obj/ch_test.o
 .rodata        0x000000000800e1f8       0xb4 build/obj/test_root.o
                0x000000000800e298                wa
 .rodata        0x000000000800e2ac      0x560 build/obj/test_sequence_001.o
                0x000000000800e800                test_sequence_001
 .rodata        0x000000000800e80c      0x160 build/obj/test_sequence_002.o
                0x000000000800e958                test_sequence_002
 .rodata        0x000000000800e96c      0x1b8 build/obj/test_sequence_003.o
                0x000000000800eb10                test_sequence_003
 .rodata        0x000000000800eb24       0x78 build/obj/test_sequence_004.o
                0x000000000800eb94                test_sequence_004
 .rodata        0x000000000800eb9c      0x258 build/obj/test_sequence_005.o
                0x000000000800edd8                test_sequence_005
 .rodata        0x000000000800edf4      0x1cc build/obj/test_sequence_006.o
                0x000000000800efa4                test_sequence_006
 .rodata        0x000000000800efc0       0x4c build/obj/test_sequence_007.o
                0x000000000800f004                test_sequence_007
 .rodata        0x000000000800f00c      0x23c build/obj/test_sequence_008.o
                0x000000000800f228                test_sequence_008
 .rodata        0x000000000800f248      0x188 build/obj/test_sequence_009.o
                0x000000000800f3c0                test_sequence_009
 .rodata        0x000000000800f3d0       0xf8 build/obj/test_sequence_010.o
                0x000000000800f4b8                test_sequence_010
 .rodata        0x000000000800f4c8       0xf0 build/obj/test_sequence_011.o
                0x000000000800f5ac                test_sequence_011
 .rodata        0x000000000800f5b8      0x18c build/obj/test_sequence_012.o
                0x000000000800f738                test_sequence_012
 .rodata        0x000000000800f744      0x368 build/obj/test_sequence_013.o
                0x000000000800fa78                test_sequence_013
 .rodata        0x000000000800faac        0x7 build/obj/chprintf.o
 *fill*         0x000000000800fab3        0x1 
 .rodata        0x000000000800fab4       0x10 build/obj/memstreams.o
 .rodata        0x000000000800fac4       0x10 build/obj/nullstreams.o
 .rodata        0x000000000800fad4       0x1a build/obj/main.o
 *(.rodata.*)
                0x000000000800faf0                . = ALIGN (0x4)
 *fill*         0x000000000800faee        0x2 
                0x000000000800faf0                __rodata_end__ = .

.ARM.extab
 *(.ARM.extab* .gnu.linkonce.armextab.*)

.ARM.exidx      0x000000000800faf0        0x0
                0x000000000800faf0                __exidx_start = .
 *(.ARM.exidx* .gnu.linkonce.armexidx.*)
                0x000000000800faf0                __exidx_end = .

.eh_frame_hdr
 *(.eh_frame_hdr)

.eh_frame       0x000000000800faf0       0x70
 *(.eh_frame)
 .eh_frame      0x000000000800faf0       0x70 /usr/lib/gcc/arm-none-eabi/4.9.3/../../../arm-none-eabi/lib/armv7e-m/libg.a(lib_a-strcmp.o)
                0x0000000020000000                __ram0_start__ = ORIGIN (ram0)
                0x0000000000020000                __ram0_size__ = LENGTH (ram0)
                0x0000000020020000                __ram0_end__ = (__ram0_start__ + __ram0_size__)
                0x0000000020000000                __ram1_start__ = ORIGIN (ram1)
                0x000000000001c000                __ram1_size__ = LENGTH (ram1)
                0x000000002001c000                __ram1_end__ = (__ram1_start__ + __ram1_size__)
                0x000000002001c000                __ram2_start__ = ORIGIN (ram2)
                0x0000000000004000                __ram2_size__ = LENGTH (ram2)
                0x0000000020020000                __ram2_end__ = (__ram2_start__ + __ram2_size__)
                0x0000000000000000                __ram3_start__ = ORIGIN (ram3)
                0x0000000000000000                __ram3_size__ = LENGTH (ram3)
                0x0000000000000000                __ram3_end__ = (__ram3_start__ + __ram3_size__)
                0x0000000010000000                __ram4_start__ = ORIGIN (ram4)
                0x0000000000010000                __ram4_size__ = LENGTH (ram4)
                0x0000000010010000                __ram4_end__ = (__ram4_start__ + __ram4_size__)
                0x0000000040024000                __ram5_start__ = ORIGIN (ram5)
                0x0000000000001000                __ram5_size__ = LENGTH (ram5)
                0x0000000040025000                __ram5_end__ = (__ram5_start__ + __ram5_size__)
                0x0000000000000000                __ram6_start__ = ORIGIN (ram6)
                0x0000000000000000                __ram6_size__ = LENGTH (ram6)
                0x0000000000000000                __ram6_end__ = (__ram6_start__ + __ram6_size__)
                0x0000000000000000                __ram7_start__ = ORIGIN (ram7)
                0x0000000000000000                __ram7_size__ = LENGTH (ram7)
                0x0000000000000000                __ram7_end__ = (__ram7_start__ + __ram7_size__)

.rel.dyn        0x000000000800fb60        0x0
 .rel.iplt      0x000000000800fb60        0x0 build/obj/crt0_v7m.o

.data           0x0000000020000800       0xb8 load address 0x000000000800fb60
                0x0000000020000800                . = ALIGN (0x4)
                [!provide]                        PROVIDE (_textdata, LOADADDR (.data))
                [!provide]                        PROVIDE (_data, .)
                0x000000000800fb60                _textdata_start = LOADADDR (.data)
                0x0000000020000800                _data_start = .
 *(.data)
 .data          0x0000000020000800        0x0 build/obj/crt0_v7m.o
 .data          0x0000000020000800        0x0 build/obj/chcoreasm_v7m.o
 .data          0x0000000020000800        0x0 build/obj/crt1.o
 .data          0x0000000020000800        0x0 build/obj/vectors.o
 .data          0x0000000020000800        0x0 build/obj/chsys.o
 .data          0x0000000020000800        0x0 build/obj/chdebug.o
 .data          0x0000000020000800        0x0 build/obj/chtrace.o
 .data          0x0000000020000800        0x0 build/obj/chvt.o
 .data          0x0000000020000800        0x0 build/obj/chschd.o
 .data          0x0000000020000800        0x0 build/obj/chthreads.o
 .data          0x0000000020000800        0x0 build/obj/chtm.o
 .data          0x0000000020000800        0x0 build/obj/chregistry.o
 .data          0x0000000020000800        0x0 build/obj/chsem.o
 .data          0x0000000020000800        0x0 build/obj/chmtx.o
 .data          0x0000000020000800        0x0 build/obj/chcond.o
 .data          0x0000000020000800        0x0 build/obj/chevents.o
 .data          0x0000000020000800        0x0 build/obj/chmsg.o
 .data          0x0000000020000800        0x0 build/obj/chdynamic.o
 .data          0x0000000020000800        0x0 build/obj/chmboxes.o
 .data          0x0000000020000800        0x0 build/obj/chmemcore.o
 .data          0x0000000020000800        0x0 build/obj/chheap.o
 .data          0x0000000020000800        0x0 build/obj/chmempools.o
 .data          0x0000000020000800        0x0 build/obj/chcore.o
 .data          0x0000000020000800        0x0 build/obj/chcore_v7m.o
 .data          0x0000000020000800        0x0 build/obj/osal.o
 .data          0x0000000020000800        0x0 build/obj/hal.o
 .data          0x0000000020000800        0x0 build/obj/hal_st.o
 .data          0x0000000020000800        0x0 build/obj/hal_buffers.o
 .data          0x0000000020000800        0x0 build/obj/hal_queues.o
 .data          0x0000000020000800        0x0 build/obj/hal_mmcsd.o
 .data          0x0000000020000800        0x0 build/obj/hal_i2c.o
 .data          0x0000000020000800        0x0 build/obj/hal_pal.o
 .data          0x0000000020000800        0x0 build/obj/hal_serial.o
 .data          0x0000000020000800        0x0 build/obj/nvic.o
 .data          0x0000000020000800        0x4 build/obj/hal_lld.o
                0x0000000020000800                SystemCoreClock
 .data          0x0000000020000804        0x0 build/obj/stm32_dma.o
 .data          0x0000000020000804        0x0 build/obj/hal_pal_lld.o
 .data          0x0000000020000804        0x0 build/obj/hal_i2c_lld.o
 .data          0x0000000020000804        0x0 build/obj/hal_st_lld.o
 .data          0x0000000020000804        0x0 build/obj/hal_serial_lld.o
 .data          0x0000000020000804        0x0 build/obj/board.o
 .data          0x0000000020000804        0x0 build/obj/ch_test.o
 .data          0x0000000020000804       0x38 build/obj/test_root.o
                0x0000000020000804                test_suite
 .data          0x000000002000083c        0x0 build/obj/test_sequence_001.o
 .data          0x000000002000083c        0x0 build/obj/test_sequence_002.o
 .data          0x000000002000083c        0x0 build/obj/test_sequence_003.o
 .data          0x000000002000083c        0x0 build/obj/test_sequence_004.o
 .data          0x000000002000083c        0x0 build/obj/test_sequence_005.o
 .data          0x000000002000083c       0x28 build/obj/test_sequence_006.o
 .data          0x0000000020000864        0x0 build/obj/test_sequence_007.o
 .data          0x0000000020000864        0x8 build/obj/test_sequence_008.o
 .data          0x000000002000086c       0x28 build/obj/test_sequence_009.o
 .data          0x0000000020000894       0x24 build/obj/test_sequence_010.o
 .data          0x00000000200008b8        0x0 build/obj/test_sequence_011.o
 .data          0x00000000200008b8        0x0 build/obj/test_sequence_012.o
 .data          0x00000000200008b8        0x0 build/obj/test_sequence_013.o
 .data          0x00000000200008b8        0x0 build/obj/chprintf.o
 .data          0x00000000200008b8        0x0 build/obj/memstreams.o
 .data          0x00000000200008b8        0x0 build/obj/nullstreams.o
 .data          0x00000000200008b8        0x0 build/obj/main.o
 .data          0x00000000200008b8        0x0 /usr/lib/gcc/arm-none-eabi/4.9.3/../../../arm-none-eabi/lib/armv7e-m/libg.a(lib_a-memcpy.o)
 .data          0x00000000200008b8        0x0 /usr/lib/gcc/arm-none-eabi/4.9.3/../../../arm-none-eabi/lib/armv7e-m/libg.a(lib_a-strcmp.o)
 *(.data.*)
 *(.ramtext)
                0x00000000200008b8                . = ALIGN (0x4)
                [!provide]                        PROVIDE (_edata, .)
                0x00000000200008b8                _data_end = .

.igot.plt       0x00000000200008b8        0x0 load address 0x000000000800fc18
 .igot.plt      0x00000000200008b8        0x0 build/obj/crt0_v7m.o

.bss            0x00000000200008b8      0xa98 load address 0x000000000800fc18
                0x00000000200008b8                . = ALIGN (0x4)
                0x00000000200008b8                _bss_start = .
 *(.bss)
 .bss           0x00000000200008b8        0x0 build/obj/crt0_v7m.o
 .bss           0x00000000200008b8        0x0 build/obj/chcoreasm_v7m.o
 .bss           0x00000000200008b8        0x0 build/obj/crt1.o
 .bss           0x00000000200008b8        0x0 build/obj/vectors.o
 .bss           0x00000000200008b8        0x0 build/obj/chsys.o
 .bss           0x00000000200008b8        0x0 build/obj/chdebug.o
 .bss           0x00000000200008b8        0x0 build/obj/chtrace.o
 .bss           0x00000000200008b8        0x0 build/obj/chvt.o
 .bss           0x00000000200008b8        0x0 build/obj/chschd.o
 .bss           0x00000000200008b8        0x0 build/obj/chthreads.o
 .bss           0x00000000200008b8        0x0 build/obj/chtm.o
 .bss           0x00000000200008b8        0x0 build/obj/chregistry.o
 .bss           0x00000000200008b8        0x0 build/obj/chsem.o
 .bss           0x00000000200008b8        0x0 build/obj/chmtx.o
 .bss           0x00000000200008b8        0x0 build/obj/chcond.o
 .bss           0x00000000200008b8        0x0 build/obj/chevents.o
 .bss           0x00000000200008b8        0x0 build/obj/chmsg.o
 .bss           0x00000000200008b8        0x0 build/obj/chdynamic.o
 .bss           0x00000000200008b8        0x0 build/obj/chmboxes.o
 .bss           0x00000000200008b8        0x0 build/obj/chmemcore.o
 .bss           0x00000000200008b8       0x20 build/obj/chheap.o
 .bss           0x00000000200008d8        0x0 build/obj/chmempools.o
 .bss           0x00000000200008d8        0x0 build/obj/chcore.o
 .bss           0x00000000200008d8        0x0 build/obj/chcore_v7m.o
 .bss           0x00000000200008d8        0x0 build/obj/osal.o
 .bss           0x00000000200008d8        0x0 build/obj/hal.o
 .bss           0x00000000200008d8        0x0 build/obj/hal_st.o
 .bss           0x00000000200008d8        0x0 build/obj/hal_buffers.o
 .bss           0x00000000200008d8        0x0 build/obj/hal_queues.o
 .bss           0x00000000200008d8        0x0 build/obj/hal_mmcsd.o
 .bss           0x00000000200008d8        0x0 build/obj/hal_i2c.o
 .bss           0x00000000200008d8        0x0 build/obj/hal_pal.o
 .bss           0x00000000200008d8        0x0 build/obj/hal_serial.o
 .bss           0x00000000200008d8        0x0 build/obj/nvic.o
 .bss           0x00000000200008d8        0x0 build/obj/hal_lld.o
 .bss           0x00000000200008d8       0x84 build/obj/stm32_dma.o
 .bss           0x000000002000095c        0x0 build/obj/hal_pal_lld.o
 .bss           0x000000002000095c        0x0 build/obj/hal_i2c_lld.o
 .bss           0x000000002000095c        0x0 build/obj/hal_st_lld.o
 .bss           0x000000002000095c        0x0 build/obj/hal_serial_lld.o
 .bss           0x000000002000095c        0x0 build/obj/board.o
 .bss           0x000000002000095c       0x20 build/obj/ch_test.o
 .bss           0x000000002000097c        0x0 build/obj/test_root.o
 .bss           0x000000002000097c        0x0 build/obj/test_sequence_001.o
 .bss           0x000000002000097c        0x0 build/obj/test_sequence_002.o
 .bss           0x000000002000097c        0x0 build/obj/test_sequence_003.o
 .bss           0x000000002000097c        0x4 build/obj/test_sequence_004.o
 .bss           0x0000000020000980        0xc build/obj/test_sequence_005.o
 .bss           0x000000002000098c        0x0 build/obj/test_sequence_006.o
 .bss           0x000000002000098c        0x0 build/obj/test_sequence_007.o
 .bss           0x000000002000098c        0x0 build/obj/test_sequence_008.o
 .bss           0x000000002000098c       0x10 build/obj/test_sequence_009.o
 .bss           0x000000002000099c       0x10 build/obj/test_sequence_010.o
 .bss           0x00000000200009ac        0x0 build/obj/test_sequence_011.o
 *fill*         0x00000000200009ac        0x4 
 .bss           0x00000000200009b0       0x2c build/obj/test_sequence_012.o
 .bss           0x00000000200009dc       0x44 build/obj/test_sequence_013.o
 .bss           0x0000000020000a20        0x0 build/obj/chprintf.o
 .bss           0x0000000020000a20        0x0 build/obj/memstreams.o
 .bss           0x0000000020000a20        0x0 build/obj/nullstreams.o
 .bss           0x0000000020000a20        0x0 build/obj/main.o
 .bss           0x0000000020000a20        0x0 /usr/lib/gcc/arm-none-eabi/4.9.3/../../../arm-none-eabi/lib/armv7e-m/libg.a(lib_a-memcpy.o)
 .bss           0x0000000020000a20        0x0 /usr/lib/gcc/arm-none-eabi/4.9.3/../../../arm-none-eabi/lib/armv7e-m/libg.a(lib_a-strcmp.o)
 *(.bss.*)
 *(COMMON)
 COMMON         0x0000000020000a20       0xd8 build/obj/chsys.o
                0x0000000020000a20                ch_idle_thread_wa
 COMMON         0x0000000020000af8       0x78 build/obj/chschd.o
                0x0000000020000af8                ch
 COMMON         0x0000000020000b70        0x8 build/obj/chmemcore.o
                0x0000000020000b70                ch_memcore
 COMMON         0x0000000020000b78       0x38 build/obj/hal_i2c_lld.o
                0x0000000020000b78                I2CD1
 COMMON         0x0000000020000bb0       0xf8 build/obj/hal_serial_lld.o
                0x0000000020000bb0                SD2
                0x0000000020000c2c                SD3
 COMMON         0x0000000020000ca8        0x8 build/obj/ch_test.o
                0x0000000020000ca8                test_global_fail
                0x0000000020000cac                test_step
 COMMON         0x0000000020000cb0      0x680 build/obj/test_root.o
                0x0000000020000cb0                threads
                0x0000000020000cc8                test_buffer
 COMMON         0x0000000020001330       0x20 build/obj/test_sequence_011.o
                0x0000000020001330                test_heap
                0x0000000020001350                . = ALIGN (0x4)
                0x0000000020001350                _bss_end = .
                [!provide]                        PROVIDE (end, .)

.ram0_init      0x0000000020001350        0x0 load address 0x000000000800fc18
                0x0000000020001350                . = ALIGN (0x4)
                0x000000000800fc18                __ram0_init_text__ = LOADADDR (.ram0_init)
                0x0000000020001350                __ram0_init__ = .
 *(.ram0_init)
 *(.ram0_init.*)
                0x0000000020001350                . = ALIGN (0x4)

.ram0           0x0000000020001350        0x0 load address 0x000000000800fc18
                0x0000000020001350                . = ALIGN (0x4)
                0x0000000020001350                __ram0_clear__ = .
 *(.ram0_clear)
 *(.ram0_clear.*)
                0x0000000020001350                . = ALIGN (0x4)
                0x0000000020001350                __ram0_noinit__ = .
 *(.ram0)
 *(.ram0.*)
                0x0000000020001350                . = ALIGN (0x4)
                0x0000000020001350                __ram0_free__ = .

.ram1_init      0x0000000020000000        0x0 load address 0x000000000800fc18
                0x0000000020000000                . = ALIGN (0x4)
                0x000000000800fc18                __ram1_init_text__ = LOADADDR (.ram1_init)
                0x0000000020000000                __ram1_init__ = .
 *(.ram1_init)
 *(.ram1_init.*)
                0x0000000020000000                . = ALIGN (0x4)

.ram1           0x0000000020000000        0x0 load address 0x000000000800fc18
                0x0000000020000000                . = ALIGN (0x4)
                0x0000000020000000                __ram1_clear__ = .
 *(.ram1_clear)
 *(.ram1_clear.*)
                0x0000000020000000                . = ALIGN (0x4)
                0x0000000020000000                __ram1_noinit__ = .
 *(.ram1)
 *(.ram1.*)
                0x0000000020000000                . = ALIGN (0x4)
                0x0000000020000000                __ram1_free__ = .

.ram2_init      0x000000002001c000        0x0 load address 0x000000000800fc18
                0x000000002001c000                . = ALIGN (0x4)
                0x000000000800fc18                __ram2_init_text__ = LOADADDR (.ram2_init)
                0x000000002001c000                __ram2_init__ = .
 *(.ram2_init)
 *(.ram2_init.*)
                0x000000002001c000                . = ALIGN (0x4)

.ram2           0x000000002001c000        0x0 load address 0x000000000800fc18
                0x000000002001c000                . = ALIGN (0x4)
                0x000000002001c000                __ram2_clear__ = .
 *(.ram2_clear)
 *(.ram2_clear.*)
                0x000000002001c000                . = ALIGN (0x4)
                0x000000002001c000                __ram2_noinit__ = .
 *(.ram2)
 *(.ram2.*)
                0x000000002001c000                . = ALIGN (0x4)
                0x000000002001c000                __ram2_free__ = .

.ram3_init      0x0000000000000000        0x0 load address 0x000000000800fc18
                0x0000000000000000                . = ALIGN (0x4)
                0x000000000800fc18                __ram3_init_text__ = LOADADDR (.ram3_init)
                0x0000000000000000                __ram3_init__ = .
 *(.ram3_init)
 *(.ram3_init.*)
                0x0000000000000000                . = ALIGN (0x4)

.ram3           0x0000000000000000        0x0 load address 0x000000000800fc18
                0x0000000000000000                . = ALIGN (0x4)
                0x0000000000000000                __ram3_clear__ = .
 *(.ram3_clear)
 *(.ram3_clear.*)
                0x0000000000000000                . = ALIGN (0x4)
                0x0000000000000000                __ram3_noinit__ = .
 *(.ram3)
 *(.ram3.*)
                0x0000000000000000                . = ALIGN (0x4)
                0x0000000000000000                __ram3_free__ = .

.ram4_init      0x0000000010000000        0x0 load address 0x000000000800fc18
                0x0000000010000000                . = ALIGN (0x4)
                0x000000000800fc18                __ram4_init_text__ = LOADADDR (.ram4_init)
                0x0000000010000000                __ram4_init__ = .
 *(.ram4_init)
 *(.ram4_init.*)
                0x0000000010000000                . = ALIGN (0x4)

.ram4           0x0000000010000000        0x0 load address 0x000000000800fc18
                0x0000000010000000                . = ALIGN (0x4)
                0x0000000010000000                __ram4_clear__ = .
 *(.ram4_clear)
 *(.ram4_clear.*)
                0x0000000010000000                . = ALIGN (0x4)
                0x0000000010000000                __ram4_noinit__ = .
 *(.ram4)
 *(.ram4.*)
                0x0000000010000000                . = ALIGN (0x4)
                0x0000000010000000                __ram4_free__ = .

.ram5_init      0x0000000040024000        0x0 load address 0x000000000800fc18
                0x0000000040024000                . = ALIGN (0x4)
                0x000000000800fc18                __ram5_init_text__ = LOADADDR (.ram5_init)
                0x0000000040024000                __ram5_init__ = .
 *(.ram5_init)
 *(.ram5_init.*)
                0x0000000040024000                . = ALIGN (0x4)

.ram5           0x0000000040024000        0x0 load address 0x000000000800fc18
                0x0000000040024000                . = ALIGN (0x4)
                0x0000000040024000                __ram5_clear__ = .
 *(.ram5_clear)
 *(.ram5_clear.*)
                0x0000000040024000                . = ALIGN (0x4)
                0x0000000040024000                __ram5_noinit__ = .
 *(.ram5)
 *(.ram5.*)
                0x0000000040024000                . = ALIGN (0x4)
                0x0000000040024000                __ram5_free__ = .

.ram6_init      0x0000000000000000        0x0 load address 0x000000000800fc18
                0x0000000000000000                . = ALIGN (0x4)
                0x000000000800fc18                __ram6_init_text__ = LOADADDR (.ram6_init)
                0x0000000000000000                __ram6_init__ = .
 *(.ram6_init)
 *(.ram6_init.*)
                0x0000000000000000                . = ALIGN (0x4)

.ram6           0x0000000000000000        0x0 load address 0x000000000800fc18
                0x0000000000000000                . = ALIGN (0x4)
                0x0000000000000000                __ram6_clear__ = .
 *(.ram6_clear)
 *(.ram6_clear.*)
                0x0000000000000000                . = ALIGN (0x4)
                0x0000000000000000                __ram6_noinit__ = .
 *(.ram6)
 *(.ram6.*)
                0x0000000000000000                . = ALIGN (0x4)
                0x0000000000000000                __ram6_free__ = .

.ram7_init      0x0000000000000000        0x0 load address 0x000000000800fc18
                0x0000000000000000                . = ALIGN (0x4)
                0x000000000800fc18                __ram7_init_text__ = LOADADDR (.ram7_init)
                0x0000000000000000                __ram7_init__ = .
 *(.ram7_init)
 *(.ram7_init.*)
                0x0000000000000000                . = ALIGN (0x4)

.ram7           0x0000000000000000        0x0 load address 0x000000000800fc18
                0x0000000000000000                . = ALIGN (0x4)
                0x0000000000000000                __ram7_clear__ = .
 *(.ram7_clear)
 *(.ram7_clear.*)
                0x0000000000000000                . = ALIGN (0x4)
                0x0000000000000000                __ram7_noinit__ = .
 *(.ram7)
 *(.ram7.*)
                0x0000000000000000                . = ALIGN (0x4)
                0x0000000000000000                __ram7_free__ = .

.heap           0x0000000020001350    0x1ecb0
                0x0000000020001350                . = ALIGN (0x8)
                0x0000000020001350                __heap_base__ = .
                0x0000000020020000                . = (ORIGIN (HEAP_RAM) + LENGTH (HEAP_RAM))
 *fill*         0x0000000020001350    0x1ecb0 
                0x0000000020020000                __heap_end__ = .
                0x0000000000000400                __process_stack_size__ = 0x400
                0x0000000000000400                __main_stack_size__ = 0x400
START GROUP
LOAD /usr/lib/gcc/arm-none-eabi/4.9.3/armv7e-m/libgcc.a
LOAD /usr/lib/gcc/arm-none-eabi/4.9.3/../../../arm-none-eabi/lib/armv7e-m/libg.a
LOAD /usr/lib/gcc/arm-none-eabi/4.9.3/../../../arm-none-eabi/lib/armv7e-m/libc.a
END GROUP
OUTPUT(build/ch.elf elf32-littlearm)

.ARM.attributes
                0x0000000000000000       0x2f
 .ARM.attributes
                0x0000000000000000       0x21 build/obj/crt0_v7m.o
 .ARM.attributes
                0x0000000000000021       0x21 build/obj/chcoreasm_v7m.o
 .ARM.attributes
                0x0000000000000042       0x33 build/obj/crt1.o
 .ARM.attributes
                0x0000000000000075       0x33 build/obj/vectors.o
 .ARM.attributes
                0x00000000000000a8       0x33 build/obj/chsys.o
 .ARM.attributes
                0x00000000000000db       0x33 build/obj/chdebug.o
 .ARM.attributes
                0x000000000000010e       0x33 build/obj/chtrace.o
 .ARM.attributes
                0x0000000000000141       0x33 build/obj/chvt.o
 .ARM.attributes
                0x0000000000000174       0x33 build/obj/chschd.o
 .ARM.attributes
                0x00000000000001a7       0x33 build/obj/chthreads.o
 .ARM.attributes
                0x00000000000001da       0x33 build/obj/chtm.o
 .ARM.attributes
                0x000000000000020d       0x33 build/obj/chregistry.o
 .ARM.attributes
                0x0000000000000240       0x33 build/obj/chsem.o
 .ARM.attributes
                0x0000000000000273       0x33 build/obj/chmtx.o
 .ARM.attributes
                0x00000000000002a6       0x33 build/obj/chcond.o
 .ARM.attributes
                0x00000000000002d9       0x33 build/obj/chevents.o
 .ARM.attributes
                0x000000000000030c       0x33 build/obj/chmsg.o
 .ARM.attributes
                0x000000000000033f       0x33 build/obj/chdynamic.o
 .ARM.attributes
                0x0000000000000372       0x33 build/obj/chmboxes.o
 .ARM.attributes
                0x00000000000003a5       0x33 build/obj/chmemcore.o
 .ARM.attributes
                0x00000000000003d8       0x33 build/obj/chheap.o
 .ARM.attributes
                0x000000000000040b       0x33 build/obj/chmempools.o
 .ARM.attributes
                0x000000000000043e       0x33 build/obj/chcore.o
 .ARM.attributes
                0x0000000000000471       0x33 build/obj/chcore_v7m.o
 .ARM.attributes
                0x00000000000004a4       0x33 build/obj/osal.o
 .ARM.attributes
                0x00000000000004d7       0x33 build/obj/hal.o
 .ARM.attributes
                0x000000000000050a       0x33 build/obj/hal_st.o
 .ARM.attributes
                0x000000000000053d       0x33 build/obj/hal_buffers.o
 .ARM.attributes
                0x0000000000000570       0x33 build/obj/hal_queues.o
 .ARM.attributes
                0x00000000000005a3       0x33 build/obj/hal_mmcsd.o
 .ARM.attributes
                0x00000000000005d6       0x33 build/obj/hal_i2c.o
 .ARM.attributes
                0x0000000000000609       0x33 build/obj/hal_pal.o
 .ARM.attributes
                0x000000000000063c       0x33 build/obj/hal_serial.o
 .ARM.attributes
                0x000000000000066f       0x33 build/obj/nvic.o
 .ARM.attributes
                0x00000000000006a2       0x33 build/obj/hal_lld.o
 .ARM.attributes
                0x00000000000006d5       0x33 build/obj/stm32_dma.o
 .ARM.attributes
                0x0000000000000708       0x33 build/obj/hal_pal_lld.o
 .ARM.attributes
                0x000000000000073b       0x33 build/obj/hal_i2c_lld.o
 .ARM.attributes
                0x000000000000076e       0x33 build/obj/hal_st_lld.o
 .ARM.attributes
                0x00000000000007a1       0x33 build/obj/hal_serial_lld.o
 .ARM.attributes
                0x00000000000007d4       0x33 build/obj/board.o
 .ARM.attributes
                0x0000000000000807       0x33 build/obj/ch_test.o
 .ARM.attributes
                0x000000000000083a       0x33 build/obj/test_root.o
 .ARM.attributes
                0x000000000000086d       0x33 build/obj/test_sequence_001.o
 .ARM.attributes
                0x00000000000008a0       0x33 build/obj/test_sequence_002.o
 .ARM.attributes
                0x00000000000008d3       0x33 build/obj/test_sequence_003.o
 .ARM.attributes
                0x0000000000000906       0x33 build/obj/test_sequence_004.o
 .ARM.attributes
                0x0000000000000939       0x33 build/obj/test_sequence_005.o
 .ARM.attributes
                0x000000000000096c       0x33 build/obj/test_sequence_006.o
 .ARM.attributes
                0x000000000000099f       0x33 build/obj/test_sequence_007.o
 .ARM.attributes
                0x00000000000009d2       0x33 build/obj/test_sequence_008.o
 .ARM.attributes
                0x0000000000000a05       0x33 build/obj/test_sequence_009.o
 .ARM.attributes
                0x0000000000000a38       0x33 build/obj/test_sequence_010.o
 .ARM.attributes
                0x0000000000000a6b       0x33 build/obj/test_sequence_011.o
 .ARM.attributes
                0x0000000000000a9e       0x33 build/obj/test_sequence_012.o
 .ARM.attributes
                0x0000000000000ad1       0x33 build/obj/test_sequence_013.o
 .ARM.attributes
                0x0000000000000b04       0x33 build/obj/chprintf.o
 .ARM.attributes
                0x0000000000000b37       0x33 build/obj/memstreams.o
 .ARM.attributes
                0x0000000000000b6a       0x33 build/obj/nullstreams.o
 .ARM.attributes
                0x0000000000000b9d       0x33 build/obj/main.o
 .ARM.attributes
                0x0000000000000bd0       0x1c /usr/lib/gcc/arm-none-eabi/4.9.3/../../../arm-none-eabi/lib/armv7e-m/libg.a(lib_a-memcpy.o)
 .ARM.attributes
                0x0000000000000bec       0x1c /usr/lib/gcc/arm-none-eabi/4.9.3/../../../arm-none-eabi/lib/armv7e-m/libg.a(lib_a-strcmp.o)

.comment        0x0000000000000000       0x38
 .comment       0x0000000000000000       0x38 build/obj/crt1.o
                                         0x39 (size before relaxing)
 .comment       0x0000000000000038       0x39 build/obj/vectors.o
 .comment       0x0000000000000038       0x39 build/obj/chsys.o
 .comment       0x0000000000000038       0x39 build/obj/chdebug.o
 .comment       0x0000000000000038       0x39 build/obj/chtrace.o
 .comment       0x0000000000000038       0x39 build/obj/chvt.o
 .comment       0x0000000000000038       0x39 build/obj/chschd.o
 .comment       0x0000000000000038       0x39 build/obj/chthreads.o
 .comment       0x0000000000000038       0x39 build/obj/chtm.o
 .comment       0x0000000000000038       0x39 build/obj/chregistry.o
 .comment       0x0000000000000038       0x39 build/obj/chsem.o
 .comment       0x0000000000000038       0x39 build/obj/chmtx.o
 .comment       0x0000000000000038       0x39 build/obj/chcond.o
 .comment       0x0000000000000038       0x39 build/obj/chevents.o
 .comment       0x0000000000000038       0x39 build/obj/chmsg.o
 .comment       0x0000000000000038       0x39 build/obj/chdynamic.o
 .comment       0x0000000000000038       0x39 build/obj/chmboxes.o
 .comment       0x0000000000000038       0x39 build/obj/chmemcore.o
 .comment       0x0000000000000038       0x39 build/obj/chheap.o
 .comment       0x0000000000000038       0x39 build/obj/chmempools.o
 .comment       0x0000000000000038       0x39 build/obj/chcore.o
 .comment       0x0000000000000038       0x39 build/obj/chcore_v7m.o
 .comment       0x0000000000000038       0x39 build/obj/osal.o
 .comment       0x0000000000000038       0x39 build/obj/hal.o
 .comment       0x0000000000000038       0x39 build/obj/hal_st.o
 .comment       0x0000000000000038       0x39 build/obj/hal_buffers.o
 .comment       0x0000000000000038       0x39 build/obj/hal_queues.o
 .comment       0x0000000000000038       0x39 build/obj/hal_mmcsd.o
 .comment       0x0000000000000038       0x39 build/obj/hal_i2c.o
 .comment       0x0000000000000038       0x39 build/obj/hal_pal.o
 .comment       0x0000000000000038       0x39 build/obj/hal_serial.o
 .comment       0x0000000000000038       0x39 build/obj/nvic.o
 .comment       0x0000000000000038       0x39 build/obj/hal_lld.o
 .comment       0x0000000000000038       0x39 build/obj/stm32_dma.o
 .comment       0x0000000000000038       0x39 build/obj/hal_pal_lld.o
 .comment       0x0000000000000038       0x39 build/obj/hal_i2c_lld.o
 .comment       0x0000000000000038       0x39 build/obj/hal_st_lld.o
 .comment       0x0000000000000038       0x39 build/obj/hal_serial_lld.o
 .comment       0x0000000000000038       0x39 build/obj/board.o
 .comment       0x0000000000000038       0x39 build/obj/ch_test.o
 .comment       0x0000000000000038       0x39 build/obj/test_root.o
 .comment       0x0000000000000038       0x39 build/obj/test_sequence_001.o
 .comment       0x0000000000000038       0x39 build/obj/test_sequence_002.o
 .comment       0x0000000000000038       0x39 build/obj/test_sequence_003.o
 .comment       0x0000000000000038       0x39 build/obj/test_sequence_004.o
 .comment       0x0000000000000038       0x39 build/obj/test_sequence_005.o
 .comment       0x0000000000000038       0x39 build/obj/test_sequence_006.o
 .comment       0x0000000000000038       0x39 build/obj/test_sequence_007.o
 .comment       0x0000000000000038       0x39 build/obj/test_sequence_008.o
 .comment       0x0000000000000038       0x39 build/obj/test_sequence_009.o
 .comment       0x0000000000000038       0x39 build/obj/test_sequence_010.o
 .comment       0x0000000000000038       0x39 build/obj/test_sequence_011.o
 .comment       0x0000000000000038       0x39 build/obj/test_sequence_012.o
 .comment       0x0000000000000038       0x39 build/obj/test_sequence_013.o
 .comment       0x0000000000000038       0x39 build/obj/chprintf.o
 .comment       0x0000000000000038       0x39 build/obj/memstreams.o
 .comment       0x0000000000000038       0x39 build/obj/nullstreams.o
 .comment       0x0000000000000038       0x39 build/obj/main.o

.debug_line     0x0000000000000000     0xaa68
 .debug_line    0x0000000000000000       0xc5 build/obj/crt0_v7m.o
 .debug_line    0x00000000000000c5       0x81 build/obj/chcoreasm_v7m.o
 .debug_line    0x0000000000000146      0x110 build/obj/crt1.o
 .debug_line    0x0000000000000256      0x103 build/obj/vectors.o
 .debug_line    0x0000000000000359      0x41a build/obj/chsys.o
 .debug_line    0x0000000000000773      0x16f build/obj/chdebug.o
 .debug_line    0x00000000000008e2      0x16f build/obj/chtrace.o
 .debug_line    0x0000000000000a51      0x270 build/obj/chvt.o
 .debug_line    0x0000000000000cc1      0x2b9 build/obj/chschd.o
 .debug_line    0x0000000000000f7a      0x412 build/obj/chthreads.o
 .debug_line    0x000000000000138c      0x1ce build/obj/chtm.o
 .debug_line    0x000000000000155a      0x27b build/obj/chregistry.o
 .debug_line    0x00000000000017d5      0x266 build/obj/chsem.o
 .debug_line    0x0000000000001a3b      0x2e1 build/obj/chmtx.o
 .debug_line    0x0000000000001d1c      0x28d build/obj/chcond.o
 .debug_line    0x0000000000001fa9      0x2db build/obj/chevents.o
 .debug_line    0x0000000000002284      0x227 build/obj/chmsg.o
 .debug_line    0x00000000000024ab      0x2a1 build/obj/chdynamic.o
 .debug_line    0x000000000000274c      0x2de build/obj/chmboxes.o
 .debug_line    0x0000000000002a2a      0x278 build/obj/chmemcore.o
 .debug_line    0x0000000000002ca2      0x2ab build/obj/chheap.o
 .debug_line    0x0000000000002f4d      0x2ce build/obj/chmempools.o
 .debug_line    0x000000000000321b      0x16f build/obj/chcore.o
 .debug_line    0x000000000000338a      0x204 build/obj/chcore_v7m.o
 .debug_line    0x000000000000358e      0x16f build/obj/osal.o
 .debug_line    0x00000000000036fd      0x20b build/obj/hal.o
 .debug_line    0x0000000000003908      0x211 build/obj/hal_st.o
 .debug_line    0x0000000000003b19      0x4aa build/obj/hal_buffers.o
 .debug_line    0x0000000000003fc3      0x40b build/obj/hal_queues.o
 .debug_line    0x00000000000043ce      0x16f build/obj/hal_mmcsd.o
 .debug_line    0x000000000000453d      0x36c build/obj/hal_i2c.o
 .debug_line    0x00000000000048a9      0x22a build/obj/hal_pal.o
 .debug_line    0x0000000000004ad3      0x379 build/obj/hal_serial.o
 .debug_line    0x0000000000004e4c      0x1bc build/obj/nvic.o
 .debug_line    0x0000000000005008      0x25d build/obj/hal_lld.o
 .debug_line    0x0000000000005265      0x2c4 build/obj/stm32_dma.o
 .debug_line    0x0000000000005529      0x240 build/obj/hal_pal_lld.o
 .debug_line    0x0000000000005769      0x53d build/obj/hal_i2c_lld.o
 .debug_line    0x0000000000005ca6      0x295 build/obj/hal_st_lld.o
 .debug_line    0x0000000000005f3b      0x3b0 build/obj/hal_serial_lld.o
 .debug_line    0x00000000000062eb      0x1f4 build/obj/board.o
 .debug_line    0x00000000000064df      0x3d6 build/obj/ch_test.o
 .debug_line    0x00000000000068b5      0x422 build/obj/test_root.o
 .debug_line    0x0000000000006cd7      0x283 build/obj/test_sequence_001.o
 .debug_line    0x0000000000006f5a      0x3c3 build/obj/test_sequence_002.o
 .debug_line    0x000000000000731d      0x3c8 build/obj/test_sequence_003.o
 .debug_line    0x00000000000076e5      0x329 build/obj/test_sequence_004.o
 .debug_line    0x0000000000007a0e      0x528 build/obj/test_sequence_005.o
 .debug_line    0x0000000000007f36      0x3c5 build/obj/test_sequence_006.o
 .debug_line    0x00000000000082fb      0x275 build/obj/test_sequence_007.o
 .debug_line    0x0000000000008570      0x43d build/obj/test_sequence_008.o
 .debug_line    0x00000000000089ad      0x523 build/obj/test_sequence_009.o
 .debug_line    0x0000000000008ed0      0x308 build/obj/test_sequence_010.o
 .debug_line    0x00000000000091d8      0x2c6 build/obj/test_sequence_011.o
 .debug_line    0x000000000000949e      0x314 build/obj/test_sequence_012.o
 .debug_line    0x00000000000097b2      0x553 build/obj/test_sequence_013.o
 .debug_line    0x0000000000009d05      0x31c build/obj/chprintf.o
 .debug_line    0x000000000000a021      0x217 build/obj/memstreams.o
 .debug_line    0x000000000000a238      0x201 build/obj/nullstreams.o
 .debug_line    0x000000000000a439      0x446 build/obj/main.o
 .debug_line    0x000000000000a87f       0xb8 /usr/lib/gcc/arm-none-eabi/4.9.3/../../../arm-none-eabi/lib/armv7e-m/libg.a(lib_a-memcpy.o)
 .debug_line    0x000000000000a937      0x131 /usr/lib/gcc/arm-none-eabi/4.9.3/../../../arm-none-eabi/lib/armv7e-m/libg.a(lib_a-strcmp.o)

.debug_info     0x0000000000000000    0x26cf2
 .debug_info    0x0000000000000000       0xa2 build/obj/crt0_v7m.o
 .debug_info    0x00000000000000a2       0xa5 build/obj/chcoreasm_v7m.o
 .debug_info    0x0000000000000147      0x316 build/obj/crt1.o
 .debug_info    0x000000000000045d      0x1e7 build/obj/vectors.o
 .debug_info    0x0000000000000644     0x159f build/obj/chsys.o
 .debug_info    0x0000000000001be3      0x611 build/obj/chdebug.o
 .debug_info    0x00000000000021f4      0x611 build/obj/chtrace.o
 .debug_info    0x0000000000002805      0x906 build/obj/chvt.o
 .debug_info    0x000000000000310b      0xa6e build/obj/chschd.o
 .debug_info    0x0000000000003b79     0x1275 build/obj/chthreads.o
 .debug_info    0x0000000000004dee      0x8f5 build/obj/chtm.o
 .debug_info    0x00000000000056e3      0x977 build/obj/chregistry.o
 .debug_info    0x000000000000605a      0xae2 build/obj/chsem.o
 .debug_info    0x0000000000006b3c      0xaf6 build/obj/chmtx.o
 .debug_info    0x0000000000007632      0xa85 build/obj/chcond.o
 .debug_info    0x00000000000080b7      0xc6e build/obj/chevents.o
 .debug_info    0x0000000000008d25      0x87b build/obj/chmsg.o
 .debug_info    0x00000000000095a0      0x9f4 build/obj/chdynamic.o
 .debug_info    0x0000000000009f94      0xbfb build/obj/chmboxes.o
 .debug_info    0x000000000000ab8f      0x856 build/obj/chmemcore.o
 .debug_info    0x000000000000b3e5      0x98d build/obj/chheap.o
 .debug_info    0x000000000000bd72      0xb47 build/obj/chmempools.o
 .debug_info    0x000000000000c8b9      0x611 build/obj/chcore.o
 .debug_info    0x000000000000ceca      0x9c2 build/obj/chcore_v7m.o
 .debug_info    0x000000000000d88c      0x611 build/obj/osal.o
 .debug_info    0x000000000000de9d      0x743 build/obj/hal.o
 .debug_info    0x000000000000e5e0      0x89c build/obj/hal_st.o
 .debug_info    0x000000000000ee7c     0x123a build/obj/hal_buffers.o
 .debug_info    0x00000000000100b6      0xe51 build/obj/hal_queues.o
 .debug_info    0x0000000000010f07      0x611 build/obj/hal_mmcsd.o
 .debug_info    0x0000000000011518      0xd62 build/obj/hal_i2c.o
 .debug_info    0x000000000001227a      0x866 build/obj/hal_pal.o
 .debug_info    0x0000000000012ae0      0xfe6 build/obj/hal_serial.o
 .debug_info    0x0000000000013ac6      0x9a8 build/obj/nvic.o
 .debug_info    0x000000000001446e      0xa73 build/obj/hal_lld.o
 .debug_info    0x0000000000014ee1      0xcb7 build/obj/stm32_dma.o
 .debug_info    0x0000000000015b98      0xb17 build/obj/hal_pal_lld.o
 .debug_info    0x00000000000166af     0x15a7 build/obj/hal_i2c_lld.o
 .debug_info    0x0000000000017c56      0xa5f build/obj/hal_st_lld.o
 .debug_info    0x00000000000186b5      0xf6c build/obj/hal_serial_lld.o
 .debug_info    0x0000000000019621      0x747 build/obj/board.o
 .debug_info    0x0000000000019d68      0xdb7 build/obj/ch_test.o
 .debug_info    0x000000000001ab1f      0xac5 build/obj/test_root.o
 .debug_info    0x000000000001b5e4      0x6ef build/obj/test_sequence_001.o
 .debug_info    0x000000000001bcd3      0xd4f build/obj/test_sequence_002.o
 .debug_info    0x000000000001ca22      0xa5b build/obj/test_sequence_003.o
 .debug_info    0x000000000001d47d      0x9e0 build/obj/test_sequence_004.o
 .debug_info    0x000000000001de5d      0xbf1 build/obj/test_sequence_005.o
 .debug_info    0x000000000001ea4e      0xb31 build/obj/test_sequence_006.o
 .debug_info    0x000000000001f57f      0x7d0 build/obj/test_sequence_007.o
 .debug_info    0x000000000001fd4f      0xc82 build/obj/test_sequence_008.o
[...]
chThdSleepUntilWindowed                           build/obj/chthreads.o
chThdStart                                        build/obj/chthreads.o
chThdSuspendS                                     build/obj/chthreads.o
chThdSuspendTimeoutS                              build/obj/chthreads.o
                                                  build/obj/test_sequence_004.o
                                                  build/obj/hal_i2c_lld.o
chThdTerminate                                    build/obj/chthreads.o
                                                  build/obj/test_root.o
chThdWait                                         build/obj/chthreads.o
                                                  build/obj/test_sequence_013.o
                                                  build/obj/test_root.o
chThdYield                                        build/obj/chthreads.o
                                                  build/obj/test_sequence_013.o
chVTDoResetI                                      build/obj/chvt.o
                                                  build/obj/test_sequence_013.o
                                                  build/obj/test_sequence_002.o
                                                  build/obj/chschd.o
chVTDoSetI                                        build/obj/chvt.o
                                                  build/obj/test_sequence_013.o
                                                  build/obj/test_sequence_002.o
                                                  build/obj/chschd.o
ch_debug                                          build/obj/chregistry.o
                                                  build/obj/chsys.o
ch_idle_thread_wa                                 build/obj/chsys.o
ch_memcore                                        build/obj/chmemcore.o
chprintf                                          build/obj/chprintf.o
                                                  build/obj/main.o
chsnprintf                                        build/obj/chprintf.o
chvprintf                                         build/obj/chprintf.o
dmaInit                                           build/obj/stm32_dma.o
                                                  build/obj/hal_lld.o
dmaStreamAllocate                                 build/obj/stm32_dma.o
                                                  build/obj/hal_i2c_lld.o
dmaStreamRelease                                  build/obj/stm32_dma.o
                                                  build/obj/hal_i2c_lld.o
halInit                                           build/obj/hal.o
                                                  build/obj/main.o
hal_lld_init                                      build/obj/hal_lld.o
                                                  build/obj/hal.o
i2cAcquireBus                                     build/obj/hal_i2c.o
i2cGetErrors                                      build/obj/hal_i2c.o
i2cInit                                           build/obj/hal_i2c.o
                                                  build/obj/hal.o
i2cMasterReceiveTimeout                           build/obj/hal_i2c.o
i2cMasterTransmitTimeout                          build/obj/hal_i2c.o
                                                  build/obj/main.o
i2cObjectInit                                     build/obj/hal_i2c.o
                                                  build/obj/hal_i2c_lld.o
i2cReleaseBus                                     build/obj/hal_i2c.o
i2cStart                                          build/obj/hal_i2c.o
                                                  build/obj/main.o
i2cStop                                           build/obj/hal_i2c.o
i2c_lld_init                                      build/obj/hal_i2c_lld.o
                                                  build/obj/hal_i2c.o
i2c_lld_master_receive_timeout                    build/obj/hal_i2c_lld.o
                                                  build/obj/hal_i2c.o
i2c_lld_master_transmit_timeout                   build/obj/hal_i2c_lld.o
                                                  build/obj/hal_i2c.o
i2c_lld_start                                     build/obj/hal_i2c_lld.o
                                                  build/obj/hal_i2c.o
i2c_lld_stop                                      build/obj/hal_i2c_lld.o
                                                  build/obj/hal_i2c.o
ibqGetEmptyBufferI                                build/obj/hal_buffers.o
ibqGetFullBufferTimeout                           build/obj/hal_buffers.o
ibqGetFullBufferTimeoutS                          build/obj/hal_buffers.o
ibqGetTimeout                                     build/obj/hal_buffers.o
ibqObjectInit                                     build/obj/hal_buffers.o
ibqPostFullBufferI                                build/obj/hal_buffers.o
ibqReadTimeout                                    build/obj/hal_buffers.o
ibqReleaseEmptyBuffer                             build/obj/hal_buffers.o
ibqReleaseEmptyBufferS                            build/obj/hal_buffers.o
ibqResetI                                         build/obj/hal_buffers.o
iqGetTimeout                                      build/obj/hal_queues.o
                                                  build/obj/hal_serial.o
iqObjectInit                                      build/obj/hal_queues.o
                                                  build/obj/hal_serial.o
iqPutI                                            build/obj/hal_queues.o
                                                  build/obj/hal_serial.o
iqReadTimeout                                     build/obj/hal_queues.o
                                                  build/obj/hal_serial.o
iqResetI                                          build/obj/hal_queues.o
                                                  build/obj/hal_serial.o
main                                              build/obj/main.o
                                                  build/obj/crt0_v7m.o
memcpy                                            /usr/lib/gcc/arm-none-eabi/4.9.3/../../../arm-none-eabi/lib/armv7e-m/libg.a(lib_a-memcpy.o)
                                                  build/obj/memstreams.o
                                                  build/obj/hal_buffers.o
msObjectInit                                      build/obj/memstreams.o
                                                  build/obj/chprintf.o
nullObjectInit                                    build/obj/nullstreams.o
nvicClearPending                                  build/obj/nvic.o
nvicDisableVector                                 build/obj/nvic.o
                                                  build/obj/hal_serial_lld.o
                                                  build/obj/hal_i2c_lld.o
                                                  build/obj/stm32_dma.o
nvicEnableVector                                  build/obj/nvic.o
                                                  build/obj/hal_serial_lld.o
                                                  build/obj/hal_st_lld.o
                                                  build/obj/hal_i2c_lld.o
                                                  build/obj/stm32_dma.o
nvicSetSystemHandlerPriority                      build/obj/nvic.o
obqFlush                                          build/obj/hal_buffers.o
obqGetEmptyBufferTimeout                          build/obj/hal_buffers.o
obqGetEmptyBufferTimeoutS                         build/obj/hal_buffers.o
obqGetFullBufferI                                 build/obj/hal_buffers.o
obqObjectInit                                     build/obj/hal_buffers.o
obqPostFullBuffer                                 build/obj/hal_buffers.o
obqPostFullBufferS                                build/obj/hal_buffers.o
obqPutTimeout                                     build/obj/hal_buffers.o
obqReleaseEmptyBufferI                            build/obj/hal_buffers.o
obqResetI                                         build/obj/hal_buffers.o
obqTryFlushI                                      build/obj/hal_buffers.o
obqWriteTimeout                                   build/obj/hal_buffers.o
oqGetI                                            build/obj/hal_queues.o
                                                  build/obj/hal_serial_lld.o
                                                  build/obj/hal_serial.o
oqObjectInit                                      build/obj/hal_queues.o
                                                  build/obj/hal_serial.o
oqPutTimeout                                      build/obj/hal_queues.o
                                                  build/obj/hal_serial.o
oqResetI                                          build/obj/hal_queues.o
                                                  build/obj/hal_serial.o
oqWriteTimeout                                    build/obj/hal_queues.o
                                                  build/obj/hal_serial.o
palReadBus                                        build/obj/hal_pal.o
palSetBusMode                                     build/obj/hal_pal.o
palWriteBus                                       build/obj/hal_pal.o
pal_default_config                                build/obj/board.o
                                                  build/obj/hal.o
sdGetWouldBlock                                   build/obj/hal_serial.o
sdIncomingDataI                                   build/obj/hal_serial.o
                                                  build/obj/hal_serial_lld.o
sdInit                                            build/obj/hal_serial.o
                                                  build/obj/hal.o
sdObjectInit                                      build/obj/hal_serial.o
                                                  build/obj/hal_serial_lld.o
sdPutWouldBlock                                   build/obj/hal_serial.o
sdRequestDataI                                    build/obj/hal_serial.o
sdStart                                           build/obj/hal_serial.o
                                                  build/obj/main.o
sdStop                                            build/obj/hal_serial.o
sd_lld_init                                       build/obj/hal_serial_lld.o
                                                  build/obj/hal_serial.o
sd_lld_start                                      build/obj/hal_serial_lld.o
                                                  build/obj/hal_serial.o
sd_lld_stop                                       build/obj/hal_serial_lld.o
                                                  build/obj/hal_serial.o
stGetAlarm                                        build/obj/hal_st.o
stInit                                            build/obj/hal_st.o
                                                  build/obj/hal.o
stSetAlarm                                        build/obj/hal_st.o
                                                  build/obj/chvt.o
                                                  build/obj/chsys.o
stStartAlarm                                      build/obj/hal_st.o
                                                  build/obj/chvt.o
stStopAlarm                                       build/obj/hal_st.o
                                                  build/obj/chvt.o
                                                  build/obj/chsys.o
st_lld_init                                       build/obj/hal_st_lld.o
                                                  build/obj/hal_st.o
stm32_clock_init                                  build/obj/hal_lld.o
                                                  build/obj/board.o
strcmp                                            /usr/lib/gcc/arm-none-eabi/4.9.3/../../../arm-none-eabi/lib/armv7e-m/libg.a(lib_a-strcmp.o)
                                                  build/obj/chregistry.o
test_buffer                                       build/obj/test_root.o
                                                  build/obj/test_sequence_012.o
                                                  build/obj/test_sequence_011.o
test_emit_token                                   build/obj/ch_test.o
                                                  build/obj/test_sequence_012.o
                                                  build/obj/test_sequence_009.o
                                                  build/obj/test_sequence_008.o
                                                  build/obj/test_sequence_007.o
                                                  build/obj/test_sequence_006.o
                                                  build/obj/test_sequence_005.o
                                                  build/obj/test_sequence_004.o
                                                  build/obj/test_sequence_003.o
test_emit_token_i                                 build/obj/ch_test.o
test_execute                                      build/obj/ch_test.o
test_global_fail                                  build/obj/ch_test.o
test_heap                                         build/obj/test_sequence_011.o
test_print                                        build/obj/ch_test.o
                                                  build/obj/test_sequence_013.o
                                                  build/obj/test_sequence_001.o
                                                  build/obj/test_root.o
test_print_port_info                              build/obj/test_root.o
                                                  build/obj/ch_test.o
test_println                                      build/obj/ch_test.o
                                                  build/obj/test_sequence_013.o
                                                  build/obj/test_sequence_001.o
                                                  build/obj/test_root.o
test_printn                                       build/obj/ch_test.o
                                                  build/obj/test_sequence_013.o
                                                  build/obj/test_sequence_001.o
test_sequence_001                                 build/obj/test_sequence_001.o
                                                  build/obj/test_root.o
test_sequence_002                                 build/obj/test_sequence_002.o
                                                  build/obj/test_root.o
test_sequence_003                                 build/obj/test_sequence_003.o
                                                  build/obj/test_root.o
test_sequence_004                                 build/obj/test_sequence_004.o
                                                  build/obj/test_root.o
test_sequence_005                                 build/obj/test_sequence_005.o
                                                  build/obj/test_root.o
test_sequence_006                                 build/obj/test_sequence_006.o
                                                  build/obj/test_root.o
test_sequence_007                                 build/obj/test_sequence_007.o
                                                  build/obj/test_root.o
test_sequence_008                                 build/obj/test_sequence_008.o
                                                  build/obj/test_root.o
test_sequence_009                                 build/obj/test_sequence_009.o
                                                  build/obj/test_root.o
test_sequence_010                                 build/obj/test_sequence_010.o
                                                  build/obj/test_root.o
test_sequence_011                                 build/obj/test_sequence_011.o
                                                  build/obj/test_root.o
test_sequence_012                                 build/obj/test_sequence_012.o
                                                  build/obj/test_root.o
test_sequence_013                                 build/obj/test_sequence_013.o
                                                  build/obj/test_root.o
test_step                                         build/obj/ch_test.o
                                                  build/obj/test_sequence_013.o
                                                  build/obj/test_sequence_012.o
                                                  build/obj/test_sequence_011.o
                                                  build/obj/test_sequence_010.o
                                                  build/obj/test_sequence_009.o
                                                  build/obj/test_sequence_008.o
                                                  build/obj/test_sequence_007.o
                                                  build/obj/test_sequence_006.o
                                                  build/obj/test_sequence_005.o
                                                  build/obj/test_sequence_004.o
                                                  build/obj/test_sequence_003.o
                                                  build/obj/test_sequence_002.o
                                                  build/obj/test_sequence_001.o
test_suite                                        build/obj/test_root.o
                                                  build/obj/ch_test.o
test_terminate_threads                            build/obj/test_root.o
                                                  build/obj/test_sequence_013.o
test_wait_threads                                 build/obj/test_root.o
                                                  build/obj/test_sequence_013.o
                                                  build/obj/test_sequence_012.o
                                                  build/obj/test_sequence_008.o
                                                  build/obj/test_sequence_007.o
                                                  build/obj/test_sequence_006.o
                                                  build/obj/test_sequence_005.o
                                                  build/obj/test_sequence_004.o
                                                  build/obj/test_sequence_003.o
test_wait_tick                                    build/obj/test_root.o
                                                  build/obj/test_sequence_013.o
                                                  build/obj/test_sequence_008.o
                                                  build/obj/test_sequence_005.o
threads                                           build/obj/test_root.o
                                                  build/obj/test_sequence_013.o
                                                  build/obj/test_sequence_012.o
                                                  build/obj/test_sequence_008.o
                                                  build/obj/test_sequence_007.o
                                                  build/obj/test_sequence_006.o
                                                  build/obj/test_sequence_005.o
                                                  build/obj/test_sequence_004.o
                                                  build/obj/test_sequence_003.o
wa                                                build/obj/test_root.o
                                                  build/obj/test_sequence_013.o
                                                  build/obj/test_sequence_012.o
                                                  build/obj/test_sequence_008.o
                                                  build/obj/test_sequence_007.o
                                                  build/obj/test_sequence_006.o
                                                  build/obj/test_sequence_005.o
                                                  build/obj/test_sequence_004.o
                                                  build/obj/test_sequence_003.o
